[  568124ms] [ERROR] Failed to load resource: net::ERR_CONNECTION_REFUSED @ http://localhost:3998/_app/immutable/nodes/3.CDMPkFhO.js:0
[  568124ms] [ERROR] Failed to load resource: net::ERR_CONNECTION_REFUSED @ http://localhost:3998/_app/immutable/nodes/10.BnDpnod7.js:0
[  568124ms] [ERROR] Failed to load resource: net::ERR_CONNECTION_REFUSED @ http://localhost:3998/_app/immutable/chunks/DCW0GHo-.js:0
[  568124ms] [ERROR] Failed to load resource: net::ERR_CONNECTION_REFUSED @ http://localhost:3998/_app/immutable/chunks/CjkWqv9P.js:0
[  568124ms] [ERROR] Failed to load resource: net::ERR_CONNECTION_REFUSED @ http://localhost:3998/_app/immutable/chunks/7dVa9gGM.js:0
[  568124ms] [ERROR] Failed to load resource: net::ERR_CONNECTION_REFUSED @ http://localhost:3998/_app/immutable/nodes/83.mMJFeKAc.js:0
[  568124ms] [ERROR] Failed to load resource: net::ERR_CONNECTION_REFUSED @ http://localhost:3998/_app/immutable/chunks/C0NYhBnw.js:0
[  568124ms] [ERROR] Failed to load resource: net::ERR_CONNECTION_REFUSED @ http://localhost:3998/_app/immutable/chunks/CKGtJ8ah.js:0
[  568124ms] [ERROR] Failed to load resource: net::ERR_CONNECTION_REFUSED @ http://localhost:3998/_app/immutable/chunks/BgQlTpu1.js:0
[  568124ms] [ERROR] Failed to load resource: net::ERR_CONNECTION_REFUSED @ http://localhost:3998/_app/immutable/chunks/Mlm2_ewb.js:0
[  568124ms] [ERROR] Failed to load resource: net::ERR_CONNECTION_REFUSED @ http://localhost:3998/_app/immutable/chunks/DA8n_-1h.js:0
[  568127ms] [ERROR] Failed to load resource: net::ERR_CONNECTION_REFUSED @ http://localhost:3998/services/defcc733-b0b4-4136-8fbe-ac14283e89b3/__data.json?x-sveltekit-invalidated=0111:0
[  568128ms] [ERROR] An error occurred on the client side: TypeError: Failed to fetch
    at window.fetch (http://localhost:3998/_app/immutable/chunks/Chlhdj8O.js:1:2290)
    at Ri (http://localhost:3998/_app/immutable/chunks/Chlhdj8O.js:3:20651)
    at hi (http://localhost:3998/_app/immutable/chunks/Chlhdj8O.js:3:7818)
    at ai (http://localhost:3998/_app/immutable/chunks/Chlhdj8O.js:3:4569)
    at i (http://localhost:3998/_app/immutable/chunks/Chlhdj8O.js:3:14903) {url: URL, params: Object, route: Object} Internal Error @ http://localhost:3998/_app/immutable/entry/app.4op_fK8-.js:1
[  571645ms] [ERROR] Failed to load resource: net::ERR_CONNECTION_REFUSED @ http://localhost:3998/services/8988c9f6-b7c9-4427-bd7c-3e5070ec5cae/__data.json?x-sveltekit-invalidated=0111:0
[  571645ms] [ERROR] An error occurred on the client side: TypeError: Failed to fetch
    at window.fetch (http://localhost:3998/_app/immutable/chunks/Chlhdj8O.js:1:2290)
    at Ri (http://localhost:3998/_app/immutable/chunks/Chlhdj8O.js:3:20651)
    at hi (http://localhost:3998/_app/immutable/chunks/Chlhdj8O.js:3:7818)
    at ai (http://localhost:3998/_app/immutable/chunks/Chlhdj8O.js:3:4569)
    at i (http://localhost:3998/_app/immutable/chunks/Chlhdj8O.js:3:14903) {url: URL, params: Object, route: Object} Internal Error @ http://localhost:3998/_app/immutable/entry/app.4op_fK8-.js:1
[  571691ms] [ERROR] Failed to load resource: net::ERR_CONNECTION_REFUSED @ http://localhost:3998/services/8988c9f6-b7c9-4427-bd7c-3e5070ec5cae/__data.json?x-sveltekit-invalidated=0111:0
[  571691ms] [ERROR] An error occurred on the client side: TypeError: Failed to fetch
    at window.fetch (http://localhost:3998/_app/immutable/chunks/Chlhdj8O.js:1:2290)
    at Ri (http://localhost:3998/_app/immutable/chunks/Chlhdj8O.js:3:20651)
    at hi (http://localhost:3998/_app/immutable/chunks/Chlhdj8O.js:3:7818)
    at ai (http://localhost:3998/_app/immutable/chunks/Chlhdj8O.js:3:4569)
    at i (http://localhost:3998/_app/immutable/chunks/Chlhdj8O.js:3:14903) {url: URL, params: Object, route: Object} Internal Error @ http://localhost:3998/_app/immutable/entry/app.4op_fK8-.js:1
[  571970ms] [ERROR] Failed to load resource: net::ERR_CONNECTION_REFUSED @ http://localhost:3998/services/8988c9f6-b7c9-4427-bd7c-3e5070ec5cae/__data.json?x-sveltekit-invalidated=0111:0
[  571970ms] [ERROR] An error occurred on the client side: TypeError: Failed to fetch
    at window.fetch (http://localhost:3998/_app/immutable/chunks/Chlhdj8O.js:1:2290)
    at Ri (http://localhost:3998/_app/immutable/chunks/Chlhdj8O.js:3:20651)
    at hi (http://localhost:3998/_app/immutable/chunks/Chlhdj8O.js:3:7818)
    at ai (http://localhost:3998/_app/immutable/chunks/Chlhdj8O.js:3:4569)
    at i (http://localhost:3998/_app/immutable/chunks/Chlhdj8O.js:3:14903) {url: URL, params: Object, route: Object} Internal Error @ http://localhost:3998/_app/immutable/entry/app.4op_fK8-.js:1
